[2026-07-02 16:34:42,340] INFO [highway_monitoring:main.py:23] - Initializing Highway Vehicle Monitoring System...
[2026-07-02 16:34:42,340] INFO [highway_monitoring:database.py:11] - Initializing DatabaseManager targeting database path: /Users/linhphan/Documents/HK2 25-26/ITS/Code/ITS26/database/traffic.db
[2026-07-02 16:34:42,341] INFO [highway_monitoring:database.py:42] - SQLite Database initialized successfully.
[2026-07-02 16:34:42,341] INFO [highway_monitoring:main.py:29] - Database initialized successfully.
[2026-07-02 16:34:43,840] INFO [highway_monitoring:main.py:38] - Main window displayed. Starting application event loop.
[2026-07-02 16:34:56,341] WARNING [highway_monitoring:detector.py:35] - YOLO loading failed (No module named 'ultralytics'). App will continue in simulation/mock mode.
[2026-07-02 16:34:56,341] INFO [highway_monitoring:tracker.py:9] - Initialized VehicleTracker.
[2026-07-02 16:34:56,341] INFO [highway_monitoring:counter.py:11] - Initialized VehicleCounter at horizontal line Y=500
[2026-07-02 16:34:56,341] INFO [highway_monitoring:speed_calculator.py:17] - Initialized SpeedCalculator: Line A (Y: 300), Line B (Y: 500), Distance: 20.0 meters
[2026-07-02 16:34:56,341] INFO [highway_monitoring:video_processor.py:53] - VideoProcessor initialized for source: /Users/linhphan/Documents/HK2 25-26/ITS/Code/Video/mau1.MOV
[2026-07-02 16:34:56,341] INFO [highway_monitoring:video_processor.py:104] - Starting VideoProcessor processing thread loop.
[2026-07-02 16:34:58,015] INFO [highway_monitoring:database.py:69] - Successfully inserted record ID: 1 for vehicle ID: 898
[2026-07-02 16:34:59,707] INFO [highway_monitoring:database.py:69] - Successfully inserted record ID: 2 for vehicle ID: 899
[2026-07-02 16:35:01,398] INFO [highway_monitoring:database.py:69] - Successfully inserted record ID: 3 for vehicle ID: 901
[2026-07-02 16:35:03,082] INFO [highway_monitoring:database.py:69] - Successfully inserted record ID: 4 for vehicle ID: 903
[2026-07-02 16:35:04,776] INFO [highway_monitoring:database.py:69] - Successfully inserted record ID: 5 for vehicle ID: 904
[2026-07-02 16:35:06,451] INFO [highway_monitoring:database.py:69] - Successfully inserted record ID: 6 for vehicle ID: 906
[2026-07-02 16:35:08,153] INFO [highway_monitoring:database.py:69] - Successfully inserted record ID: 7 for vehicle ID: 908
[2026-07-02 16:35:09,840] INFO [highway_monitoring:database.py:69] - Successfully inserted record ID: 8 for vehicle ID: 909
[2026-07-02 16:35:11,514] INFO [highway_monitoring:database.py:69] - Successfully inserted record ID: 9 for vehicle ID: 911
[2026-07-02 16:35:13,219] INFO [highway_monitoring:database.py:69] - Successfully inserted record ID: 10 for vehicle ID: 913
[2026-07-02 16:35:14,917] INFO [highway_monitoring:database.py:69] - Successfully inserted record ID: 11 for vehicle ID: 914
[2026-07-02 16:35:16,605] INFO [highway_monitoring:database.py:69] - Successfully inserted record ID: 12 for vehicle ID: 916
[2026-07-02 16:35:18,284] INFO [highway_monitoring:database.py:69] - Successfully inserted record ID: 13 for vehicle ID: 918
[2026-07-02 16:35:19,963] INFO [highway_monitoring:database.py:69] - Successfully inserted record ID: 14 for vehicle ID: 919
[2026-07-02 16:35:21,651] INFO [highway_monitoring:database.py:69] - Successfully inserted record ID: 15 for vehicle ID: 921
[2026-07-02 16:35:23,333] INFO [highway_monitoring:database.py:69] - Successfully inserted record ID: 16 for vehicle ID: 923
[2026-07-02 16:35:25,026] INFO [highway_monitoring:database.py:69] - Successfully inserted record ID: 17 for vehicle ID: 925
[2026-07-02 16:35:26,702] INFO [highway_monitoring:database.py:69] - Successfully inserted record ID: 18 for vehicle ID: 926
[2026-07-02 16:35:28,400] INFO [highway_monitoring:database.py:69] - Successfully inserted record ID: 19 for vehicle ID: 928
[2026-07-02 16:35:30,093] INFO [highway_monitoring:database.py:69] - Successfully inserted record ID: 20 for vehicle ID: 930
[2026-07-02 16:35:31,794] INFO [highway_monitoring:database.py:69] - Successfully inserted record ID: 21 for vehicle ID: 931
[2026-07-02 16:35:33,481] INFO [highway_monitoring:database.py:69] - Successfully inserted record ID: 22 for vehicle ID: 933
[2026-07-02 16:35:35,183] INFO [highway_monitoring:database.py:69] - Successfully inserted record ID: 23 for vehicle ID: 935
[2026-07-02 16:35:36,863] INFO [highway_monitoring:database.py:69] - Successfully inserted record ID: 24 for vehicle ID: 936
[2026-07-02 16:35:38,548] INFO [highway_monitoring:database.py:69] - Successfully inserted record ID: 25 for vehicle ID: 938
[2026-07-02 16:35:40,233] INFO [highway_monitoring:database.py:69] - Successfully inserted record ID: 26 for vehicle ID: 940
[2026-07-02 16:35:41,920] INFO [highway_monitoring:database.py:69] - Successfully inserted record ID: 27 for vehicle ID: 941
[2026-07-02 16:35:43,603] INFO [highway_monitoring:database.py:69] - Successfully inserted record ID: 28 for vehicle ID: 943
[2026-07-02 16:35:45,291] INFO [highway_monitoring:database.py:69] - Successfully inserted record ID: 29 for vehicle ID: 945
[2026-07-02 16:35:46,994] INFO [highway_monitoring:database.py:69] - Successfully inserted record ID: 30 for vehicle ID: 946
[2026-07-02 16:35:48,658] INFO [highway_monitoring:database.py:69] - Successfully inserted record ID: 31 for vehicle ID: 948
[2026-07-02 16:35:50,318] INFO [highway_monitoring:database.py:69] - Successfully inserted record ID: 32 for vehicle ID: 950
[2026-07-02 16:35:52,004] INFO [highway_monitoring:database.py:69] - Successfully inserted record ID: 33 for vehicle ID: 952
[2026-07-02 16:35:53,681] INFO [highway_monitoring:database.py:69] - Successfully inserted record ID: 34 for vehicle ID: 953
[2026-07-02 16:35:55,388] INFO [highway_monitoring:database.py:69] - Successfully inserted record ID: 35 for vehicle ID: 955
[2026-07-02 16:35:57,081] INFO [highway_monitoring:database.py:69] - Successfully inserted record ID: 36 for vehicle ID: 957
[2026-07-02 16:35:58,769] INFO [highway_monitoring:database.py:69] - Successfully inserted record ID: 37 for vehicle ID: 958
[2026-07-02 16:36:00,447] INFO [highway_monitoring:database.py:69] - Successfully inserted record ID: 38 for vehicle ID: 960
[2026-07-02 16:36:02,146] INFO [highway_monitoring:database.py:69] - Successfully inserted record ID: 39 for vehicle ID: 962
[2026-07-02 16:36:03,799] INFO [highway_monitoring:database.py:69] - Successfully inserted record ID: 40 for vehicle ID: 963
[2026-07-02 16:36:05,481] INFO [highway_monitoring:database.py:69] - Successfully inserted record ID: 41 for vehicle ID: 965
[2026-07-02 16:36:07,177] INFO [highway_monitoring:database.py:69] - Successfully inserted record ID: 42 for vehicle ID: 967
[2026-07-02 16:36:08,847] INFO [highway_monitoring:database.py:69] - Successfully inserted record ID: 43 for vehicle ID: 968
[2026-07-02 16:36:10,551] INFO [highway_monitoring:database.py:69] - Successfully inserted record ID: 44 for vehicle ID: 970
[2026-07-02 16:36:11,110] INFO [highway_monitoring:video_processor.py:158] - Video stream reached end-of-file or failed to read frame.
[2026-07-02 16:36:11,111] INFO [highway_monitoring:video_processor.py:257] - VideoProcessor thread loop ended cleanly.
[2026-07-02 16:36:30,241] INFO [highway_monitoring:exporter.py:18] - Starting CSV export to destination path: /Users/linhphan/Documents/HK2 25-26/ITS/Code/reports/traffic_report.csv
[2026-07-02 16:36:30,241] INFO [highway_monitoring:exporter.py:33] - Successfully exported 44 records to CSV.
[2026-07-02 16:54:32,469] INFO [highway_monitoring:main.py:23] - Initializing Highway Vehicle Monitoring System...
[2026-07-02 16:54:32,469] INFO [highway_monitoring:database.py:11] - Initializing DatabaseManager targeting database path: /Users/linhphan/Documents/HK2 25-26/ITS/Code copy/ITS26/database/traffic.db
[2026-07-02 16:54:32,470] INFO [highway_monitoring:database.py:42] - SQLite Database initialized successfully.
[2026-07-02 16:54:32,470] INFO [highway_monitoring:main.py:29] - Database initialized successfully.
[2026-07-02 16:54:33,835] INFO [highway_monitoring:main.py:38] - Main window displayed. Starting application event loop.
[2026-07-02 16:54:46,098] WARNING [highway_monitoring:detector.py:35] - YOLO loading failed (No module named 'ultralytics'). App will continue in simulation/mock mode.
[2026-07-02 16:54:46,099] INFO [highway_monitoring:tracker.py:9] - Initialized VehicleTracker.
[2026-07-02 16:54:46,099] INFO [highway_monitoring:counter.py:11] - Initialized VehicleCounter at horizontal line Y=500
[2026-07-02 16:54:46,099] INFO [highway_monitoring:speed_calculator.py:17] - Initialized SpeedCalculator: Line A (Y: 300), Line B (Y: 500), Distance: 20.0 meters
[2026-07-02 16:54:46,099] INFO [highway_monitoring:video_processor.py:53] - VideoProcessor initialized for source: /Users/linhphan/Documents/HK2 25-26/ITS/Code copy/Video/mau1.MOV
[2026-07-02 16:54:46,099] INFO [highway_monitoring:video_processor.py:104] - Starting VideoProcessor processing thread loop.
[2026-07-02 16:54:47,787] INFO [highway_monitoring:database.py:69] - Successfully inserted record ID: 45 for vehicle ID: 87
[2026-07-02 16:54:49,481] INFO [highway_monitoring:database.py:69] - Successfully inserted record ID: 46 for vehicle ID: 89
[2026-07-02 16:54:51,163] INFO [highway_monitoring:database.py:69] - Successfully inserted record ID: 47 for vehicle ID: 91
[2026-07-02 16:54:52,847] INFO [highway_monitoring:database.py:69] - Successfully inserted record ID: 48 for vehicle ID: 92
[2026-07-02 16:54:54,534] INFO [highway_monitoring:database.py:69] - Successfully inserted record ID: 49 for vehicle ID: 94
[2026-07-02 16:54:56,235] INFO [highway_monitoring:database.py:69] - Successfully inserted record ID: 50 for vehicle ID: 96
[2026-07-02 16:54:57,925] INFO [highway_monitoring:database.py:69] - Successfully inserted record ID: 51 for vehicle ID: 97
[2026-07-02 16:54:59,621] INFO [highway_monitoring:database.py:69] - Successfully inserted record ID: 52 for vehicle ID: 99
[2026-07-02 16:55:01,325] INFO [highway_monitoring:database.py:69] - Successfully inserted record ID: 53 for vehicle ID: 101
[2026-07-02 16:55:03,020] INFO [highway_monitoring:database.py:69] - Successfully inserted record ID: 54 for vehicle ID: 103
[2026-07-02 16:55:04,710] INFO [highway_monitoring:database.py:69] - Successfully inserted record ID: 55 for vehicle ID: 104
[2026-07-02 16:55:06,392] INFO [highway_monitoring:database.py:69] - Successfully inserted record ID: 56 for vehicle ID: 106
[2026-07-02 16:55:08,081] INFO [highway_monitoring:database.py:69] - Successfully inserted record ID: 57 for vehicle ID: 108
[2026-07-02 16:55:09,772] INFO [highway_monitoring:database.py:69] - Successfully inserted record ID: 58 for vehicle ID: 109
[2026-07-02 16:55:11,454] INFO [highway_monitoring:database.py:69] - Successfully inserted record ID: 59 for vehicle ID: 111
[2026-07-02 16:55:13,147] INFO [highway_monitoring:database.py:69] - Successfully inserted record ID: 60 for vehicle ID: 113
[2026-07-02 16:55:14,848] INFO [highway_monitoring:database.py:69] - Successfully inserted record ID: 61 for vehicle ID: 114
[2026-07-02 16:55:16,547] INFO [highway_monitoring:database.py:69] - Successfully inserted record ID: 62 for vehicle ID: 116
[2026-07-02 16:55:18,234] INFO [highway_monitoring:database.py:69] - Successfully inserted record ID: 63 for vehicle ID: 118
[2026-07-02 16:55:19,935] INFO [highway_monitoring:database.py:69] - Successfully inserted record ID: 64 for vehicle ID: 119
[2026-07-02 16:55:21,632] INFO [highway_monitoring:database.py:69] - Successfully inserted record ID: 65 for vehicle ID: 121
[2026-07-02 16:55:23,314] INFO [highway_monitoring:database.py:69] - Successfully inserted record ID: 66 for vehicle ID: 123
[2026-07-02 16:55:24,999] INFO [highway_monitoring:database.py:69] - Successfully inserted record ID: 67 for vehicle ID: 124
[2026-07-02 16:55:26,670] INFO [highway_monitoring:database.py:69] - Successfully inserted record ID: 68 for vehicle ID: 126
[2026-07-02 16:55:28,346] INFO [highway_monitoring:database.py:69] - Successfully inserted record ID: 69 for vehicle ID: 128
[2026-07-02 16:55:30,039] INFO [highway_monitoring:database.py:69] - Successfully inserted record ID: 70 for vehicle ID: 130
[2026-07-02 16:55:31,738] INFO [highway_monitoring:database.py:69] - Successfully inserted record ID: 71 for vehicle ID: 131
[2026-07-02 16:55:33,431] INFO [highway_monitoring:database.py:69] - Successfully inserted record ID: 72 for vehicle ID: 133
[2026-07-02 16:55:35,123] INFO [highway_monitoring:database.py:69] - Successfully inserted record ID: 73 for vehicle ID: 135
[2026-07-02 16:55:36,808] INFO [highway_monitoring:database.py:69] - Successfully inserted record ID: 74 for vehicle ID: 136
[2026-07-02 16:55:38,492] INFO [highway_monitoring:database.py:69] - Successfully inserted record ID: 75 for vehicle ID: 138
[2026-07-02 16:55:40,172] INFO [highway_monitoring:database.py:69] - Successfully inserted record ID: 76 for vehicle ID: 140
[2026-07-02 16:55:41,848] INFO [highway_monitoring:database.py:69] - Successfully inserted record ID: 77 for vehicle ID: 141
[2026-07-02 16:55:43,517] INFO [highway_monitoring:database.py:69] - Successfully inserted record ID: 78 for vehicle ID: 143
[2026-07-02 16:55:45,194] INFO [highway_monitoring:database.py:69] - Successfully inserted record ID: 79 for vehicle ID: 145
[2026-07-02 16:55:46,874] INFO [highway_monitoring:database.py:69] - Successfully inserted record ID: 80 for vehicle ID: 146
[2026-07-02 16:55:48,565] INFO [highway_monitoring:database.py:69] - Successfully inserted record ID: 81 for vehicle ID: 148
[2026-07-02 16:55:50,253] INFO [highway_monitoring:database.py:69] - Successfully inserted record ID: 82 for vehicle ID: 150
[2026-07-02 16:55:51,946] INFO [highway_monitoring:database.py:69] - Successfully inserted record ID: 83 for vehicle ID: 151
[2026-07-02 16:55:53,634] INFO [highway_monitoring:database.py:69] - Successfully inserted record ID: 84 for vehicle ID: 153
[2026-07-02 16:55:55,324] INFO [highway_monitoring:database.py:69] - Successfully inserted record ID: 85 for vehicle ID: 155
[2026-07-02 16:55:57,019] INFO [highway_monitoring:database.py:69] - Successfully inserted record ID: 86 for vehicle ID: 157
[2026-07-02 16:55:58,704] INFO [highway_monitoring:database.py:69] - Successfully inserted record ID: 87 for vehicle ID: 158
[2026-07-02 16:56:00,387] INFO [highway_monitoring:database.py:69] - Successfully inserted record ID: 88 for vehicle ID: 160
[2026-07-02 16:56:00,947] INFO [highway_monitoring:video_processor.py:158] - Video stream reached end-of-file or failed to read frame.
[2026-07-02 16:56:00,948] INFO [highway_monitoring:video_processor.py:257] - VideoProcessor thread loop ended cleanly.
[2026-07-02 16:56:24,559] INFO [highway_monitoring:video_processor.py:288] - Requesting VideoProcessor stop.
[2026-07-02 16:56:25,728] WARNING [highway_monitoring:detector.py:35] - YOLO loading failed (No module named 'ultralytics'). App will continue in simulation/mock mode.
[2026-07-02 16:56:25,728] INFO [highway_monitoring:tracker.py:9] - Initialized VehicleTracker.
[2026-07-02 16:56:25,728] INFO [highway_monitoring:counter.py:11] - Initialized VehicleCounter at horizontal line Y=500
[2026-07-02 16:56:25,729] INFO [highway_monitoring:speed_calculator.py:17] - Initialized SpeedCalculator: Line A (Y: 300), Line B (Y: 500), Distance: 20.0 meters
[2026-07-02 16:56:25,729] INFO [highway_monitoring:video_processor.py:53] - VideoProcessor initialized for source: /Users/linhphan/Documents/HK2 25-26/ITS/Code copy/Video/mau1.MOV
[2026-07-02 16:56:25,729] INFO [highway_monitoring:video_processor.py:104] - Starting VideoProcessor processing thread loop.
[2026-07-02 16:56:27,408] INFO [highway_monitoring:database.py:69] - Successfully inserted record ID: 89 for vehicle ID: 187
[2026-07-02 16:56:29,114] INFO [highway_monitoring:database.py:69] - Successfully inserted record ID: 90 for vehicle ID: 189
[2026-07-02 16:56:30,801] INFO [highway_monitoring:database.py:69] - Successfully inserted record ID: 91 for vehicle ID: 190
[2026-07-02 16:56:32,482] INFO [highway_monitoring:database.py:69] - Successfully inserted record ID: 92 for vehicle ID: 192
[2026-07-02 16:56:34,177] INFO [highway_monitoring:database.py:69] - Successfully inserted record ID: 93 for vehicle ID: 194
[2026-07-02 16:56:35,871] INFO [highway_monitoring:database.py:69] - Successfully inserted record ID: 94 for vehicle ID: 195
[2026-07-02 16:56:37,561] INFO [highway_monitoring:database.py:69] - Successfully inserted record ID: 95 for vehicle ID: 197
[2026-07-02 16:56:39,255] INFO [highway_monitoring:database.py:69] - Successfully inserted record ID: 96 for vehicle ID: 199
[2026-07-02 16:56:40,941] INFO [highway_monitoring:database.py:69] - Successfully inserted record ID: 97 for vehicle ID: 200
[2026-07-02 16:56:42,632] INFO [highway_monitoring:database.py:69] - Successfully inserted record ID: 98 for vehicle ID: 202
[2026-07-02 16:56:44,324] INFO [highway_monitoring:database.py:69] - Successfully inserted record ID: 99 for vehicle ID: 204
[2026-07-02 16:56:46,020] INFO [highway_monitoring:database.py:69] - Successfully inserted record ID: 100 for vehicle ID: 206
[2026-07-02 16:56:47,713] INFO [highway_monitoring:database.py:69] - Successfully inserted record ID: 101 for vehicle ID: 207
[2026-07-02 16:56:49,401] INFO [highway_monitoring:database.py:69] - Successfully inserted record ID: 102 for vehicle ID: 209
[2026-07-02 16:56:51,091] INFO [highway_monitoring:database.py:69] - Successfully inserted record ID: 103 for vehicle ID: 211
[2026-07-02 16:56:52,788] INFO [highway_monitoring:database.py:69] - Successfully inserted record ID: 104 for vehicle ID: 212
[2026-07-02 16:56:54,369] INFO [highway_monitoring:video_processor.py:288] - Requesting VideoProcessor stop.
[2026-07-02 16:56:54,398] INFO [highway_monitoring:video_processor.py:257] - VideoProcessor thread loop ended cleanly.
